
====================================
Loading svelte-check in workspace: d:\面试\汇丰\project
Getting Svelte diagnostics...

d:\面试\汇丰\project\[32msrc\lib\components\common\Modal.svelte[39m:52:3
[33mWarn[39m: A11y: visible, non-interactive elements with an on:click event must be accompanied by a keyboard event handler. Consider whether an interactive element such as <button type="button"> or <a> might be more appropriate. See https://svelte.dev/docs/accessibility-warnings#a11y-click-events-have-key-events for more details. (svelte)
[36m{#if open}
  [35m<div
    class="fixed inset-0 z-50 flex items-center justify-center p-4"
    on:click={handleOverlayClick}
    role="dialog"
    aria-modal="true"
  >
    <!-- 遮罩层 -->
    <div class="absolute inset-0 bg-black/50 backdrop-blur-sm"></div>

    <!-- 内容容器 -->
    <div class={`relative bg-white rounded-lg shadow-xl w-full ${sizeMap[size]} max-h-[90vh] overflow-hidden flex flex-col z-10 animate-fade-in`}>
      {#if title || showClose}
        <!-- 头部 -->
        <div class="flex items-center justify-between px-6 py-4 border-b flex-shrink-0">
          <h3 class="text-lg font-semibold text-gray-800">{title}</h3>
          {#if showClose}
            <button
              on:click={() => dispatch('close')}
              class="text-gray-400 hover:text-gray-600 transition p-1 rounded hover:bg-gray-100"
              aria-label="关闭"
            >
              <svg xmlns="http://www.w3.org/2000/svg" class="h-5 w-5" fill="none" viewBox="0 0 24 24" stroke="currentColor">
                <path stroke-linecap="round" stroke-linejoin="round" stroke-width={2} d="M6 18L18 6M6 6l12 12" />
              </svg>
            </button>
          {/if}
        </div>
      {/if}

      <!-- 内容区（可滚动） -->
      <div class="flex-1 overflow-y-auto">
        <slot />
      </div>
    </div>
  </div[36m>
{/if}
[39m

d:\面试\汇丰\project\[32msrc\lib\components\common\Modal.svelte[39m:52:3
[33mWarn[39m: A11y: Non-interactive element <div> should not be assigned mouse or keyboard event listeners. (svelte)
[36m{#if open}
  [35m<div
    class="fixed inset-0 z-50 flex items-center justify-center p-4"
    on:click={handleOverlayClick}
    role="dialog"
    aria-modal="true"
  >
    <!-- 遮罩层 -->
    <div class="absolute inset-0 bg-black/50 backdrop-blur-sm"></div>

    <!-- 内容容器 -->
    <div class={`relative bg-white rounded-lg shadow-xl w-full ${sizeMap[size]} max-h-[90vh] overflow-hidden flex flex-col z-10 animate-fade-in`}>
      {#if title || showClose}
        <!-- 头部 -->
        <div class="flex items-center justify-between px-6 py-4 border-b flex-shrink-0">
          <h3 class="text-lg font-semibold text-gray-800">{title}</h3>
          {#if showClose}
            <button
              on:click={() => dispatch('close')}
              class="text-gray-400 hover:text-gray-600 transition p-1 rounded hover:bg-gray-100"
              aria-label="关闭"
            >
              <svg xmlns="http://www.w3.org/2000/svg" class="h-5 w-5" fill="none" viewBox="0 0 24 24" stroke="currentColor">
                <path stroke-linecap="round" stroke-linejoin="round" stroke-width={2} d="M6 18L18 6M6 6l12 12" />
              </svg>
            </button>
          {/if}
        </div>
      {/if}

      <!-- 内容区（可滚动） -->
      <div class="flex-1 overflow-y-auto">
        <slot />
      </div>
    </div>
  </div[36m>
{/if}
[39m

d:\面试\汇丰\project\[32msrc\lib\components\common\ApplicationDetailModal.svelte[39m:165:13
[33mWarn[39m: A11y: A form label must be associated with a control. (svelte)
[36m          <div class="space-y-3">
            [35m<label class="text-sm font-medium text-gray-700">
              {actionConfig[pendingAction]?.label} - 请输入意见
            </label[36m>
            <textarea
[39m

d:\面试\汇丰\project\[32msrc\lib\components\forms\OvertimeForm.svelte[39m:95:43
[31mError[39m: Expected } (svelte)
[36m          type="number"
          value={getDraftField(field.key) [35m[36mas number}
          min={field.min}
[39m

d:\面试\汇丰\project\[32msrc\lib\components\forms\OvertimeForm.svelte[39m:95:43
[31mError[39m: Expected } (ts)
[36m          type="number"
          value={getDraftField(field.key) [35m[36mas number}
          min={field.min}
[39m

d:\面试\汇丰\project\[32msrc\lib\components\common\FormModal.svelte[39m:3:10
[31mError[39m: Module '"d:/\u9762\u8BD5/\u6C47\u4E30/project/src/lib/components/forms/OvertimeForm.svelte"' has no default export. (ts)
[36m  import { createEventDispatcher } from 'svelte';
  import [35mOvertimeForm[36m from '../forms/OvertimeForm.svelte';
  import PreviewForm from '../forms/PreviewForm.svelte';
[39m

d:\面试\汇丰\project\[32msrc\routes\(app)\list\+page.svelte[39m:127:7
[33mWarn[39m: A11y: A form label must be associated with a control. (svelte)
[36m    <div class="flex flex-col gap-1">
      [35m<label class="text-xs text-gray-500">状态</label>[36m
      <select bind:value={statusFilter} class="px-3 py-1.5 border border-gray-300 rounded-md text-sm outline-none focus:ring-2 focus:ring-blue-500">
[39m

d:\面试\汇丰\project\[32msrc\routes\(app)\list\+page.svelte[39m:137:7
[33mWarn[39m: A11y: A form label must be associated with a control. (svelte)
[36m    <div class="flex flex-col gap-1">
      [35m<label class="text-xs text-gray-500">类型</label>[36m
      <select bind:value={typeFilter} class="px-3 py-1.5 border border-gray-300 rounded-md text-sm outline-none focus:ring-2 focus:ring-blue-500">
[39m

d:\面试\汇丰\project\[32msrc\routes\(app)\list\+page.svelte[39m:147:7
[33mWarn[39m: A11y: A form label must be associated with a control. (svelte)
[36m    <div class="flex flex-col gap-1 flex-1 min-w-[200px]">
      [35m<label class="text-xs text-gray-500">搜索</label>[36m
      <input type="text" bind:value={keyword} placeholder="搜索申请人或事由..." class="px-3 py-1.5 border border-gray-300 rounded-md text-sm outline-none focus:ring-2 focus:ring-blue-500" />
[39m

====================================
[31msvelte-check found 3 errors and 6 warnings in 5 files
[39m

